[www.cronoescalada.com/index.php/tracks/iframe/228751.html]
[backblue.gif]
[fade.gif]
[index.html]
[www.cronoescalada.com/img/cronoescalada_fb.png]
[ajax.googleapis.com/ajax/libs/jquery/1.8.0/jquery.min.js]
[ajax.googleapis.com/ajax/libs/jqueryui/1.8.23/jquery-ui.min.js]
[jzaefferer.github.io/jquery-validation/jquery.validate.5.delayed]
[www.cronoescalada.com/img/favicon.png]
[www.cronoescalada.com/bootstrap/js/bootstrap.min.js]
[www.cronoescalada.com/css/style.css]
[www.cronoescalada.com/bootstrap/css/bootstrap.css]
[www.cronoescalada.com/bootstrap/css/bootstrap-responsive.css]
[www.cronoescalada.com/js/jquery.mousewheel.js]
[www.cronoescalada.com/js/functions.js]
[www.cronoescalada.com/js/jquery.flot.js]
[www.cronoescalada.com/js/jquery.flot.crosshair.js]
[www.cronoescalada.com/js/jquery.flot.selection.js]
[www.cronoescalada.com/js/jquery.flot.threshold.multiple.js]
[www.google-analytics.com/plugins/ga/inpage_linkid.js]
[www.google.com/mapfiles/dd-start.png]
[www.google.com/mapfiles/dd-end.png]
[www.google.com/mapfiles/shadow50.png]
[www.cronoescalada.com/img/bike_rising.png]
[www.cronoescalada.com/img/cycling.png]
[www.cronoescalada.com/img/bike_downhill.png]
[www.cronoescalada.com/img/logo_name.png]
[www.cronoescalada.com/index.php/tracks/iframe/228751.html]
[jzaefferer.github.io/jquery-validation/jquery.validate.html]
[www.cronoescalada.com/css/MovistarHeadline-Italic.ttf]
[www.cronoescalada.com/css/style.css]
[www.cronoescalada.com/bootstrap/img/glyphicons-halflings.png]
[www.cronoescalada.com/bootstrap/img/glyphicons-halflings-white.png]
[www.cronoescalada.com/bootstrap/css/bootstrap.css]
[www.cronoescalada.com/bootstrap/css/bootstrap-responsive.css]
[ajax.googleapis.com/ajax/libs/jqueryui/1.8/themes/base/images/ui-bg_flat_75_ffffff_40x100.png]
[ajax.googleapis.com/ajax/libs/jqueryui/1.8/themes/base/images/ui-bg_highlight-soft_75_cccccc_1x100.png]
[ajax.googleapis.com/ajax/libs/jqueryui/1.8/themes/base/images/ui-bg_glass_75_e6e6e6_1x400.png]
[ajax.googleapis.com/ajax/libs/jqueryui/1.8/themes/base/images/ui-bg_glass_75_dadada_1x400.png]
[ajax.googleapis.com/ajax/libs/jqueryui/1.8/themes/base/images/ui-bg_glass_65_ffffff_1x400.png]
[ajax.googleapis.com/ajax/libs/jqueryui/1.8/themes/base/images/ui-bg_glass_55_fbf9ee_1x400.png]
[ajax.googleapis.com/ajax/libs/jqueryui/1.8/themes/base/images/ui-bg_glass_95_fef1ec_1x400.png]
[ajax.googleapis.com/ajax/libs/jqueryui/1.8/themes/base/images/ui-icons_222222_256x240.png]
[ajax.googleapis.com/ajax/libs/jqueryui/1.8/themes/base/images/ui-icons_888888_256x240.png]
[ajax.googleapis.com/ajax/libs/jqueryui/1.8/themes/base/images/ui-icons_454545_256x240.png]
[ajax.googleapis.com/ajax/libs/jqueryui/1.8/themes/base/images/ui-icons_2e83ff_256x240.png]
[ajax.googleapis.com/ajax/libs/jqueryui/1.8/themes/base/images/ui-icons_cd0a0a_256x240.png]
[ajax.googleapis.com/ajax/libs/jqueryui/1.8/themes/base/images/ui-bg_flat_0_aaaaaa_40x100.png]
[ajax.googleapis.com/ajax/libs/jqueryui/1.8/themes/base/jquery-ui.css]
[www.cronoescalada.com/css/MovistarHeadline-Regular.html]
[www.cronoescalada.com/css/MovistarHeadline-Bold.html]
[www.cronoescalada.com/css/MovistarHeadline-Italic.html]
[www.cronoescalada.com/css/MovistarText-Regular.html]
[www.cronoescalada.com/css/MovistarText-Italic.html]
[www.cronoescalada.com/css/MovistarText-Bold.html]
